../../Drivers/CMSIS/Include/core_cm7.h:2660:26:ITM_SendChar	16	static,ignoring_inline_asm
../Core/Src/main.c:78:6:send_icmp_ping	80	static
../Core/Src/main.c:148:5:main	48	static,ignoring_inline_asm
../Core/Src/main.c:254:6:SystemClock_Config	120	static
../Core/Src/main.c:313:13:MX_TIM12_Init	48	static
../Core/Src/main.c:362:13:MX_USART3_UART_Init	8	static
../Core/Src/main.c:410:13:MX_USB_OTG_FS_PCD_Init	8	static
../Core/Src/main.c:446:13:MX_GPIO_Init	32	static
../Core/Src/main.c:464:5:_write	32	static
../Core/Src/main.c:475:6:MPU_Config	24	static
../Core/Src/main.c:517:6:Error_Handler	4	static,ignoring_inline_asm
