../../Drivers/CMSIS/Include/core_cm7.h:2660:26:ITM_SendChar	16	static,ignoring_inline_asm
../Core/Src/main.c:80:5:main	32	static,ignoring_inline_asm
../Core/Src/main.c:185:6:SystemClock_Config	120	static
../Core/Src/main.c:244:13:MX_USART3_UART_Init	8	static
../Core/Src/main.c:292:13:MX_USB_OTG_FS_PCD_Init	8	static
../Core/Src/main.c:328:13:MX_GPIO_Init	32	static
../Core/Src/main.c:346:5:_write	32	static
../Core/Src/main.c:354:6:GPIO_Config	56	static
../Core/Src/main.c:373:6:MPU_Config	24	static
../Core/Src/main.c:415:6:Error_Handler	4	static,ignoring_inline_asm
